nohup: ignoring input
START 2026-08-14T03:02:41-04:00
INFO  Loading DFT extra features from dataset.json ...
INFO  DFT features loaded: 2689 rows, 1406 unique molecules
INFO  Loading NIST 1155 dataset ...
INFO    DFT join (exact): 1155/1155 rows matched
INFO  
=======================================================
INFO    Dataset      : nist1155_dft
INFO    Samples      : 1155
INFO    Target       : delta_pm7_exp
INFO    Features     : 5314
INFO    DFT extras   : 19
INFO    Folds        : 5
INFO  =======================================================
INFO  
  Fold 1/5  (train=924, test=231)
INFO      Feature selection ...
INFO      Selected 197 features  (DFT: 3)
INFO    GPR skipped (n_train=924 > 500)
INFO      Fold 1 done  Ridge=3.57  Lasso=4.34  ElasticNet=4.52  BayesianRidge=3.56
INFO  
  Fold 2/5  (train=924, test=231)
INFO      Feature selection ...
INFO      Selected 212 features  (DFT: 2)
INFO    GPR skipped (n_train=924 > 500)
INFO      Fold 2 done  Ridge=3.67  Lasso=4.37  ElasticNet=4.51  BayesianRidge=3.56
INFO  
  Fold 3/5  (train=924, test=231)
INFO      Feature selection ...
INFO      Selected 242 features  (DFT: 2)
INFO    GPR skipped (n_train=924 > 500)
INFO      Fold 3 done  Ridge=3.69  Lasso=4.34  ElasticNet=4.46  BayesianRidge=3.62
INFO  
  Fold 4/5  (train=924, test=231)
INFO      Feature selection ...
INFO      Selected 184 features  (DFT: 0)
INFO    GPR skipped (n_train=924 > 500)
INFO      Fold 4 done  Ridge=3.53  Lasso=4.19  ElasticNet=4.28  BayesianRidge=3.45
INFO  
  Fold 5/5  (train=924, test=231)
INFO      Feature selection ...
INFO      Selected 181 features  (DFT: 0)
INFO    GPR skipped (n_train=924 > 500)
INFO      Fold 5 done  Ridge=3.58  Lasso=4.22  ElasticNet=4.30  BayesianRidge=3.52
INFO    Outputs → results/nist1155_dft/
INFO  Loading k-means 251 dataset ...
INFO    DFT join (exact): 821/821 rows matched
INFO  
=======================================================
INFO    Dataset      : kmeans251_dft
INFO    Samples      : 821
INFO    Target       : delta_dft_pm7
INFO    Features     : 5312
INFO    DFT extras   : 17
INFO    Folds        : 5
INFO  =======================================================
INFO    Using GroupKFold on 'record_id' (251 groups)
INFO  
  Fold 1/5  (train=656, test=165)
INFO      Feature selection ...
INFO      Selected 94 features  (DFT: 4)
INFO    GPR skipped (n_train=656 > 500)
INFO      Fold 1 done  Ridge=5.38  Lasso=5.56  ElasticNet=5.77  BayesianRidge=5.28
INFO  
  Fold 2/5  (train=657, test=164)
INFO      Feature selection ...
INFO      Selected 74 features  (DFT: 4)
INFO    GPR skipped (n_train=657 > 500)
INFO      Fold 2 done  Ridge=5.50  Lasso=5.48  ElasticNet=5.90  BayesianRidge=5.31
INFO  
  Fold 3/5  (train=657, test=164)
INFO      Feature selection ...
INFO      Selected 103 features  (DFT: 4)
INFO    GPR skipped (n_train=657 > 500)
INFO      Fold 3 done  Ridge=5.77  Lasso=5.73  ElasticNet=6.31  BayesianRidge=5.60
INFO  
  Fold 4/5  (train=657, test=164)
INFO      Feature selection ...
INFO      Selected 100 features  (DFT: 3)
INFO    GPR skipped (n_train=657 > 500)
INFO      Fold 4 done  Ridge=5.91  Lasso=5.88  ElasticNet=6.43  BayesianRidge=5.76
INFO  
  Fold 5/5  (train=657, test=164)
INFO      Feature selection ...
INFO      Selected 96 features  (DFT: 4)
INFO    GPR skipped (n_train=657 > 500)
INFO      Fold 5 done  Ridge=5.95  Lasso=5.86  ElasticNet=6.31  BayesianRidge=5.76
INFO    Outputs → results/kmeans251_dft/

  Results for nist1155_dft  (MAE in kcal/mol, PM7+DFT features):
  Model                 MAE delta       MAE PA   N features
  ─────────────────────────────────────────────────────────
  ExtraTrees            2.86±0.23    2.86±0.23          203
  VotingEnsemble        2.91±0.32    2.91±0.32          203
  RandomForest          2.96±0.26    2.96±0.26          203
  XGBoost               3.02±0.30    3.02±0.30          203
  CatBoost              3.03±0.25    3.03±0.25          203
  LightGBM              3.07±0.32    3.07±0.32          203
  GradientBoosting      3.10±0.31    3.10±0.31          203
  MLP                   3.35±0.34    3.35±0.34          203
  BayesianRidge         3.52±0.31    3.52±0.31          203
  Ridge                 3.58±0.29    3.58±0.29          203
  DecisionTree          3.94±0.38    3.94±0.38          203
  Lasso                 4.22±0.25    4.22±0.25          203
  ElasticNet            4.30±0.28    4.30±0.28          203
  AdaBoost              4.54±0.24    4.54±0.24          203
  SVR                   4.87±0.41    4.87±0.41          203

  Results for kmeans251_dft  (MAE in kcal/mol, PM7+DFT features):
  Model                 MAE delta       MAE PA   N features
  ─────────────────────────────────────────────────────────
  CatBoost              5.61±0.45    5.61±0.45           93
  VotingEnsemble        5.64±0.42    5.64±0.42           93
  ExtraTrees            5.68±0.52    5.68±0.52           93
  BayesianRidge         5.76±0.40    5.76±0.40           93
  Lasso                 5.86±0.37    5.86±0.37           93
  GradientBoosting      5.87±0.35    5.87±0.35           93
  RandomForest          5.88±0.48    5.88±0.48           93
  LightGBM              5.89±0.46    5.89±0.46           93
  Ridge                 5.95±0.38    5.95±0.38           93
  XGBoost               5.99±0.56    5.99±0.56           93
  ElasticNet            6.31±0.55    6.31±0.55           93
  AdaBoost              6.63±0.65    6.63±0.65           93
  MLP                   7.23±0.60    7.23±0.60           93
  SVR                   7.87±1.09    7.87±1.09           93
  DecisionTree          8.60±0.37    8.60±0.37           93

  All results saved to: results/nist1155_dft/  and  results/kmeans251_dft/
  Compare against:      results/nist1155/       and  results/kmeans251/
{
  "result_dir": "/noether/s1/dxb5775/publication_rerun_20260814/results/nist1155_dft",
  "dataset": "nist1155_dft",
  "cv_strategy": "KFold",
  "group_col": null,
  "checks": {
    "n_samples_by_model": {
      "AdaBoost": 1155,
      "BayesianRidge": 1155,
      "CatBoost": 1155,
      "DecisionTree": 1155,
      "ElasticNet": 1155,
      "ExtraTrees": 1155,
      "GradientBoosting": 1155,
      "Lasso": 1155,
      "LightGBM": 1155,
      "MLP": 1155,
      "RandomForest": 1155,
      "Ridge": 1155,
      "SVR": 1155,
      "VotingEnsemble": 1155,
      "XGBoost": 1155
    },
    "selected_feature_counts": [
      197,
      212,
      242,
      184,
      181
    ]
  },
  "recomputed": {
    "AdaBoost": {
      "mae_delta_per_fold": [
        4.7783292367747245,
        4.6913733963933115,
        4.687089713008495,
        4.101666398332859,
        4.4604379719269165
      ],
      "mae_pa_per_fold": [
        4.778329236774726,
        4.691373396393312,
        4.687089713008493,
        4.101666398332861,
        4.460437971926917
      ],
      "mae_pa_mean": 4.543779343287262
    },
    "BayesianRidge": {
      "mae_delta_per_fold": [
        3.5559432875942605,
        3.5738793839458194,
        3.7355900097879027,
        2.935115082720031,
        3.814199401931412
      ],
      "mae_pa_per_fold": [
        3.555943287594261,
        3.5738793839458194,
        3.7355900097879027,
        2.935115082720031,
        3.8141994019314125
      ],
      "mae_pa_mean": 3.5229454331958854
    },
    "CatBoost": {
      "mae_delta_per_fold": [
        3.007894640601099,
        3.015813183621524,
        3.124938527985281,
        2.607009009023296,
        3.391407503724717
      ],
      "mae_pa_per_fold": [
        3.007894640601098,
        3.0158131836215247,
        3.1249385279852806,
        2.607009009023296,
        3.3914075037247158
      ],
      "mae_pa_mean": 3.029412572991183
    },
    "DecisionTree": {
      "mae_delta_per_fold": [
        3.7136875791512507,
        4.341673185004925,
        3.6805113067302373,
        3.518001684421377,
        4.435738910547706
      ],
      "mae_pa_per_fold": [
        3.7136875791512507,
        4.341673185004925,
        3.680511306730236,
        3.518001684421378,
        4.435738910547706
      ],
      "mae_pa_mean": 3.937922533171099
    },
    "ElasticNet": {
      "mae_delta_per_fold": [
        4.524863983390786,
        4.501801128216837,
        4.345253116772674,
        3.7575119808981245,
        4.387575087408243
      ],
      "mae_pa_per_fold": [
        4.524863983390788,
        4.501801128216838,
        4.345253116772673,
        3.7575119808981237,
        4.387575087408243
      ],
      "mae_pa_mean": 4.303401059337334
    },
    "ExtraTrees": {
      "mae_delta_per_fold": [
        2.8296464111891946,
        2.7530920829091254,
        3.1370112493067794,
        2.497401176301393,
        3.0824729437229443
      ],
      "mae_pa_per_fold": [
        2.8296464111891937,
        2.7530920829091245,
        3.1370112493067785,
        2.497401176301393,
        3.0824729437229443
      ],
      "mae_pa_mean": 2.859924772685887
    },
    "GradientBoosting": {
      "mae_delta_per_fold": [
        3.0991109583306087,
        3.1118087335257907,
        3.3770955779125402,
        2.5300029987298847,
        3.3834517521281375
      ],
      "mae_pa_per_fold": [
        3.0991109583306056,
        3.11180873352579,
        3.377095577912539,
        2.5300029987298833,
        3.383451752128138
      ],
      "mae_pa_mean": 3.1002940041253915
    },
    "Lasso": {
      "mae_delta_per_fold": [
        4.342918961244042,
        4.3995943734476315,
        4.282908461776238,
        3.720901282462008,
        4.350938108982641
      ],
      "mae_pa_per_fold": [
        4.342918961244043,
        4.399594373447631,
        4.282908461776238,
        3.720901282462009,
        4.350938108982639
      ],
      "mae_pa_mean": 4.219452237582511
    },
    "LightGBM": {
      "mae_delta_per_fold": [
        3.156436082978033,
        3.2331742423195844,
        3.342277841655427,
        2.4408236985275713,
        3.1844109214000436
      ],
      "mae_pa_per_fold": [
        3.1564360829780327,
        3.233174242319585,
        3.342277841655427,
        2.4408236985275726,
        3.1844109214000436
      ],
      "mae_pa_mean": 3.0714245573761323
    },
    "MLP": {
      "mae_delta_per_fold": [
        3.2455144046197426,
        3.619291853889876,
        3.523339360785477,
        2.7387170215109204,
        3.6434550146930604
      ],
      "mae_pa_per_fold": [
        3.2455144046197426,
        3.619291853889877,
        3.523339360785477,
        2.738717021510922,
        3.64345501469306
      ],
      "mae_pa_mean": 3.3540635310998157
    },
    "RandomForest": {
      "mae_delta_per_fold": [
        3.03006413424052,
        3.0272147937308067,
        3.1105349651941436,
        2.44644891795585,
        3.16618128222956
      ],
      "mae_pa_per_fold": [
        3.03006413424052,
        3.0272147937308063,
        3.1105349651941436,
        2.44644891795585,
        3.166181282229561
      ],
      "mae_pa_mean": 2.956088818670176
    },
    "Ridge": {
      "mae_delta_per_fold": [
        3.569859285938504,
        3.7695456119590087,
        3.738289171850657,
        3.026587869770663,
        3.813289536701287
      ],
      "mae_pa_per_fold": [
        3.5698592859385063,
        3.7695456119590087,
        3.7382891718506555,
        3.026587869770663,
        3.813289536701285
      ],
      "mae_pa_mean": 3.5835142952440235
    },
    "SVR": {
      "mae_delta_per_fold": [
        5.1772433140471685,
        5.3049780751172815,
        4.845905726152885,
        4.119093865789899,
        4.912009440579974
      ],
      "mae_pa_per_fold": [
        5.177243314047171,
        5.3049780751172815,
        4.845905726152885,
        4.1190938657899,
        4.912009440579973
      ],
      "mae_pa_mean": 4.871846084337442
    },
    "VotingEnsemble": {
      "mae_delta_per_fold": [
        2.949755931280803,
        3.000029635568298,
        3.153367954732599,
        2.2911870269142915,
        3.1428098628420265
      ],
      "mae_pa_per_fold": [
        2.949755931280803,
        3.0000296355682963,
        3.1533679547325995,
        2.2911870269142924,
        3.1428098628420273
      ],
      "mae_pa_mean": 2.9074300822676036
    },
    "XGBoost": {
      "mae_delta_per_fold": [
        2.9804803864176557,
        3.17794414011721,
        3.178682820725926,
        2.4581706851612197,
        3.2981719022969886
      ],
      "mae_pa_per_fold": [
        2.9804803864176557,
        3.17794414011721,
        3.1786828207259257,
        2.4581706851612206,
        3.29817190229699
      ],
      "mae_pa_mean": 3.0186899869438
    }
  },
  "failures": [],
  "valid": true
}
{
  "result_dir": "/noether/s1/dxb5775/publication_rerun_20260814/results/kmeans251_dft",
  "dataset": "kmeans251_dft",
  "cv_strategy": "GroupKFold",
  "group_col": "record_id",
  "checks": {
    "n_samples_by_model": {
      "AdaBoost": 821,
      "BayesianRidge": 821,
      "CatBoost": 821,
      "DecisionTree": 821,
      "ElasticNet": 821,
      "ExtraTrees": 821,
      "GradientBoosting": 821,
      "Lasso": 821,
      "LightGBM": 821,
      "MLP": 821,
      "RandomForest": 821,
      "Ridge": 821,
      "SVR": 821,
      "VotingEnsemble": 821,
      "XGBoost": 821
    },
    "selected_feature_counts": [
      94,
      74,
      103,
      100,
      96
    ],
    "group_count": 251
  },
  "recomputed": {
    "AdaBoost": {
      "mae_delta_per_fold": [
        5.660784800391798,
        6.205044531497557,
        7.512650823596802,
        7.113475225141605,
        6.634952317549242
      ],
      "mae_pa_per_fold": [
        5.660784800391799,
        6.205044531497554,
        7.5126508235968,
        7.113475225141606,
        6.634952317549242
      ],
      "mae_pa_mean": 6.6253815396354
    },
    "BayesianRidge": {
      "mae_delta_per_fold": [
        5.275061020601634,
        5.3528115323244725,
        6.163735895931764,
        6.250010176383487,
        5.772965567681201
      ],
      "mae_pa_per_fold": [
        5.275061020601634,
        5.35281153232447,
        6.1637358959317625,
        6.250010176383487,
        5.772965567681204
      ],
      "mae_pa_mean": 5.762916838584511
    },
    "CatBoost": {
      "mae_delta_per_fold": [
        4.999644066597094,
        5.374167180729659,
        6.198025735640135,
        6.071849323819481,
        5.427099541545583
      ],
      "mae_pa_per_fold": [
        4.999644066597094,
        5.374167180729659,
        6.198025735640135,
        6.071849323819481,
        5.427099541545584
      ],
      "mae_pa_mean": 5.61415716966639
    },
    "DecisionTree": {
      "mae_delta_per_fold": [
        8.25862376151573,
        8.8504023749009,
        9.211275824278319,
        8.456609674485847,
        8.241230821247024
      ],
      "mae_pa_per_fold": [
        8.258623761515729,
        8.8504023749009,
        9.211275824278317,
        8.456609674485847,
        8.241230821247024
      ],
      "mae_pa_mean": 8.603628491285564
    },
    "ElasticNet": {
      "mae_delta_per_fold": [
        5.7695224396126195,
        6.03535329528635,
        7.122902751684227,
        6.799942123185146,
        5.830724608214548
      ],
      "mae_pa_per_fold": [
        5.7695224396126195,
        6.035353295286349,
        7.122902751684225,
        6.799942123185147,
        5.83072460821455
      ],
      "mae_pa_mean": 6.311689043596578
    },
    "ExtraTrees": {
      "mae_delta_per_fold": [
        5.012956311199954,
        5.174574708966796,
        6.348463702461178,
        5.771255572185562,
        6.112540716230237
      ],
      "mae_pa_per_fold": [
        5.012956311199954,
        5.174574708966797,
        6.348463702461176,
        5.771255572185563,
        6.112540716230237
      ],
      "mae_pa_mean": 5.683958202208745
    },
    "GradientBoosting": {
      "mae_delta_per_fold": [
        5.399192938314352,
        5.603169016599898,
        6.415680837356469,
        6.035356837615916,
        5.8799662530802665
      ],
      "mae_pa_per_fold": [
        5.399192938314351,
        5.6031690165998995,
        6.415680837356467,
        6.035356837615916,
        5.879966253080268
      ],
      "mae_pa_mean": 5.86667317659338
    },
    "Lasso": {
      "mae_delta_per_fold": [
        5.5579718949884445,
        5.401284235319387,
        6.226408125567738,
        6.35316080619994,
        5.750992779158056
      ],
      "mae_pa_per_fold": [
        5.5579718949884445,
        5.401284235319389,
        6.22640812556774,
        6.353160806199939,
        5.750992779158056
      ],
      "mae_pa_mean": 5.8579635682467135
    },
    "LightGBM": {
      "mae_delta_per_fold": [
        5.229561053604012,
        5.554661757290503,
        6.541692825789248,
        6.184043033455128,
        5.960490017454839
      ],
      "mae_pa_per_fold": [
        5.22956105360401,
        5.5546617572905035,
        6.541692825789248,
        6.184043033455131,
        5.960490017454839
      ],
      "mae_pa_mean": 5.894089737518746
    },
    "MLP": {
      "mae_delta_per_fold": [
        7.012610672777445,
        7.091815346542217,
        6.883039376064796,
        8.409416609864218,
        6.762222243240518
      ],
      "mae_pa_per_fold": [
        7.012610672777448,
        7.091815346542217,
        6.883039376064796,
        8.409416609864218,
        6.762222243240518
      ],
      "mae_pa_mean": 7.231820849697838
    },
    "RandomForest": {
      "mae_delta_per_fold": [
        5.272453876238483,
        5.491239625839434,
        6.573207675581776,
        6.264402585488273,
        5.823562443891944
      ],
      "mae_pa_per_fold": [
        5.272453876238484,
        5.491239625839435,
        6.573207675581775,
        6.264402585488272,
        5.823562443891944
      ],
      "mae_pa_mean": 5.884973241407982
    },
    "Ridge": {
      "mae_delta_per_fold": [
        5.378910921948515,
        5.62331197438358,
        6.311496924505291,
        6.337454263813297,
        6.078856169713918
      ],
      "mae_pa_per_fold": [
        5.378910921948513,
        5.62331197438358,
        6.311496924505288,
        6.337454263813298,
        6.078856169713915
      ],
      "mae_pa_mean": 5.946006050872919
    },
    "SVR": {
      "mae_delta_per_fold": [
        6.9604465234266355,
        6.751388929685319,
        9.800645359594212,
        8.186486400550901,
        7.6535620224407035
      ],
      "mae_pa_per_fold": [
        6.9604465234266355,
        6.751388929685318,
        9.80064535959421,
        8.186486400550901,
        7.6535620224407035
      ],
      "mae_pa_mean": 7.870505847139553
    },
    "VotingEnsemble": {
      "mae_delta_per_fold": [
        5.100610200490826,
        5.381751542588741,
        6.32132456169597,
        5.866599614367165,
        5.551736661322776
      ],
      "mae_pa_per_fold": [
        5.100610200490826,
        5.381751542588741,
        6.32132456169597,
        5.866599614367164,
        5.551736661322778
      ],
      "mae_pa_mean": 5.644404516093096
    },
    "XGBoost": {
      "mae_delta_per_fold": [
        5.445021332442204,
        5.673100168961939,
        7.067574903119287,
        5.983460862492385,
        5.800543076454277
      ],
      "mae_pa_per_fold": [
        5.445021332442204,
        5.673100168961937,
        7.067574903119284,
        5.983460862492383,
        5.800543076454278
      ],
      "mae_pa_mean": 5.993940068694017
    }
  },
  "failures": [],
  "valid": true
}
INFO  Loading DFT extra features from dataset.json ...
INFO  DFT features loaded: 2689 rows, 1406 unique molecules
INFO  Loading DFT PA labels from dataset.json ...
INFO  DFT PA labels loaded: 1155 NIST molecules
INFO  Loading NIST 1155 dataset ...
INFO    DFT join (exact): 1155/1155 rows matched
INFO    delta_dft_exp: mean=-0.59, std=26.56 kJ/mol  (raw B3LYP MAE = 3.745 kcal/mol)
INFO  
=======================================================
INFO    Dataset      : nist1155_dft_only
INFO    Samples      : 1155
INFO    Target       : delta_dft_exp_kjmol
INFO    Features     : 19
INFO    DFT extras   : 19
INFO    Folds        : 5
INFO  =======================================================
INFO  
  Fold 1/5  (train=924, test=231)
INFO      Feature selection ...
INFO      Selected 7 features  (DFT: 7)
INFO    GPR skipped (n_train=924 > 500)
INFO      Fold 1 done  Ridge=3.87  Lasso=3.83  ElasticNet=3.83  BayesianRidge=3.84
INFO  
  Fold 2/5  (train=924, test=231)
INFO      Feature selection ...
INFO      Selected 9 features  (DFT: 9)
INFO    GPR skipped (n_train=924 > 500)
INFO      Fold 2 done  Ridge=3.95  Lasso=3.90  ElasticNet=3.91  BayesianRidge=3.92
INFO  
  Fold 3/5  (train=924, test=231)
INFO      Feature selection ...
INFO      Selected 7 features  (DFT: 7)
INFO    GPR skipped (n_train=924 > 500)
INFO      Fold 3 done  Ridge=3.88  Lasso=3.84  ElasticNet=3.84  BayesianRidge=3.85
INFO  
  Fold 4/5  (train=924, test=231)
INFO      Feature selection ...
INFO      Selected 8 features  (DFT: 8)
INFO    GPR skipped (n_train=924 > 500)
INFO      Fold 4 done  Ridge=3.78  Lasso=3.75  ElasticNet=3.75  BayesianRidge=3.75
INFO  
  Fold 5/5  (train=924, test=231)
INFO      Feature selection ...
INFO      Selected 7 features  (DFT: 7)
INFO    GPR skipped (n_train=924 > 500)
INFO      Fold 5 done  Ridge=3.73  Lasso=3.70  ElasticNet=3.69  BayesianRidge=3.70
INFO    Outputs -> results/nist1155_dft_only/

  Results for nist1155_dft_only  (MAE in kcal/mol, DFT-only):
  Model                 MAE delta       MAE PA   N features
  ---------------------------------------------------------
  ExtraTrees          3.17+/-0.24  3.17+/-0.24            8
  CatBoost            3.22+/-0.18  3.22+/-0.18            8
  RandomForest        3.23+/-0.28  3.23+/-0.28            8
  VotingEnsemble      3.30+/-0.15  3.30+/-0.15            8
  SVR                 3.36+/-0.22  3.36+/-0.22            8
  GradientBoosting    3.39+/-0.15  3.39+/-0.15            8
  XGBoost             3.50+/-0.27  3.50+/-0.27            8
  LightGBM            3.53+/-0.15  3.53+/-0.15            8
  MLP                 3.61+/-0.31  3.61+/-0.31            8
  ElasticNet          3.69+/-0.20  3.69+/-0.20            8
  Lasso               3.70+/-0.20  3.70+/-0.20            8
  BayesianRidge       3.70+/-0.20  3.70+/-0.20            8
  Ridge               3.73+/-0.20  3.73+/-0.20            8
  DecisionTree        4.37+/-0.64  4.37+/-0.64            8
  AdaBoost            5.27+/-0.22  5.27+/-0.22            8

  Results saved to: results/nist1155_dft_only/
  Compare against:  results/nist1155/  (PM7+cheminformatics, 2.87 kcal/mol)
{
  "result_dir": "/noether/s1/dxb5775/publication_rerun_20260814/results/nist1155_dft_only",
  "dataset": "nist1155_dft_only",
  "cv_strategy": "KFold",
  "group_col": null,
  "checks": {
    "n_samples_by_model": {
      "AdaBoost": 1155,
      "BayesianRidge": 1155,
      "CatBoost": 1155,
      "DecisionTree": 1155,
      "ElasticNet": 1155,
      "ExtraTrees": 1155,
      "GradientBoosting": 1155,
      "Lasso": 1155,
      "LightGBM": 1155,
      "MLP": 1155,
      "RandomForest": 1155,
      "Ridge": 1155,
      "SVR": 1155,
      "VotingEnsemble": 1155,
      "XGBoost": 1155
    },
    "selected_feature_counts": [
      7,
      9,
      7,
      8,
      7
    ]
  },
  "recomputed": {
    "AdaBoost": {
      "mae_delta_per_fold": [
        5.275630532955377,
        5.150214131294726,
        5.369068795270936,
        4.944092836935055,
        5.608476384748751
      ],
      "mae_pa_per_fold": [
        5.275630532955376,
        5.150214131294723,
        5.369068795270937,
        4.944092836935057,
        5.608476384748746
      ],
      "mae_pa_mean": 5.269496536240967
    },
    "BayesianRidge": {
      "mae_delta_per_fold": [
        3.839395452222313,
        3.994685649495597,
        3.7107205029818884,
        3.474960126503137,
        3.490985080449483
      ],
      "mae_pa_per_fold": [
        3.839395452222313,
        3.994685649495598,
        3.710720502981888,
        3.4749601265031376,
        3.490985080449482
      ],
      "mae_pa_mean": 3.7021493623304833
    },
    "CatBoost": {
      "mae_delta_per_fold": [
        3.4390274286309745,
        3.2875979821689287,
        3.3432257286340277,
        2.949741024445913,
        3.0644337208168664
      ],
      "mae_pa_per_fold": [
        3.4390274286309737,
        3.2875979821689296,
        3.3432257286340294,
        2.9497410244459132,
        3.064433720816865
      ],
      "mae_pa_mean": 3.216805176939342
    },
    "DecisionTree": {
      "mae_delta_per_fold": [
        4.825310397059919,
        5.149178068585335,
        4.559373680812494,
        3.9455138312929883,
        3.369207783930539
      ],
      "mae_pa_per_fold": [
        4.825310397059919,
        5.149178068585335,
        4.559373680812494,
        3.94551383129299,
        3.3692077839305377
      ],
      "mae_pa_mean": 4.369716752336256
    },
    "ElasticNet": {
      "mae_delta_per_fold": [
        3.832711009698767,
        3.985230701475956,
        3.7012723262552036,
        3.473973051180755,
        3.47692335968771
      ],
      "mae_pa_per_fold": [
        3.8327110096987678,
        3.985230701475955,
        3.7012723262552036,
        3.473973051180755,
        3.47692335968771
      ],
      "mae_pa_mean": 3.6940220896596783
    },
    "ExtraTrees": {
      "mae_delta_per_fold": [
        3.3303833351957155,
        3.394321343212237,
        3.3657297181387777,
        2.956356002147948,
        2.822078228336354
      ],
      "mae_pa_per_fold": [
        3.3303833351957164,
        3.394321343212237,
        3.365729718138776,
        2.9563560021479494,
        2.822078228336354
      ],
      "mae_pa_mean": 3.1737737254062064
    },
    "GradientBoosting": {
      "mae_delta_per_fold": [
        3.5061937173353273,
        3.5513508256564768,
        3.48098818756084,
        3.197101560931697,
        3.2201622672152777
      ],
      "mae_pa_per_fold": [
        3.5061937173353286,
        3.5513508256564745,
        3.4809881875608415,
        3.1971015609316966,
        3.220162267215276
      ],
      "mae_pa_mean": 3.3911593117399237
    },
    "Lasso": {
      "mae_delta_per_fold": [
        3.8317919468894246,
        3.976623400312025,
        3.71645473751458,
        3.475811156118057,
        3.477806851178907
      ],
      "mae_pa_per_fold": [
        3.831791946889424,
        3.976623400312024,
        3.7164547375145793,
        3.4758111561180556,
        3.4778068511789084
      ],
      "mae_pa_mean": 3.6956976184025985
    },
    "LightGBM": {
      "mae_delta_per_fold": [
        3.38459159423108,
        3.6673110328098257,
        3.7600998670394334,
        3.4156973415002185,
        3.4274876055230004
      ],
      "mae_pa_per_fold": [
        3.3845915942310794,
        3.6673110328098257,
        3.7600998670394334,
        3.4156973415002194,
        3.427487605523002
      ],
      "mae_pa_mean": 3.5310374882207123
    },
    "MLP": {
      "mae_delta_per_fold": [
        3.457687252888201,
        3.9536725475703456,
        4.004880653892197,
        3.3225595256717226,
        3.309547159508011
      ],
      "mae_pa_per_fold": [
        3.4576872528882,
        3.9536725475703456,
        4.0048806538921955,
        3.3225595256717235,
        3.309547159508011
      ],
      "mae_pa_mean": 3.6096694279060957
    },
    "RandomForest": {
      "mae_delta_per_fold": [
        3.3167001916184504,
        3.4826395648647086,
        3.537632843733705,
        2.9446986898140093,
        2.8582088304859563
      ],
      "mae_pa_per_fold": [
        3.3167001916184518,
        3.482639564864708,
        3.5376328437337046,
        2.9446986898140093,
        2.858208830485957
      ],
      "mae_pa_mean": 3.2279760241033664
    },
    "Ridge": {
      "mae_delta_per_fold": [
        3.8668675169277296,
        4.024884226832866,
        3.7452753323164516,
        3.484958318037729,
        3.521983051456647
      ],
      "mae_pa_per_fold": [
        3.8668675169277305,
        4.024884226832866,
        3.74527533231645,
        3.484958318037728,
        3.521983051456647
      ],
      "mae_pa_mean": 3.7287936891142843
    },
    "SVR": {
      "mae_delta_per_fold": [
        3.31655997691341,
        3.680678550378518,
        3.552695372421992,
        3.1483637953678487,
        3.125512975944294
      ],
      "mae_pa_per_fold": [
        3.31655997691341,
        3.6806785503785173,
        3.552695372421992,
        3.1483637953678505,
        3.125512975944293
      ],
      "mae_pa_mean": 3.3647621342052125
    },
    "VotingEnsemble": {
      "mae_delta_per_fold": [
        3.4072149257490545,
        3.3365982371255347,
        3.513473097577627,
        3.1065214379355135,
        3.14879172237422
      ],
      "mae_pa_per_fold": [
        3.4072149257490554,
        3.336598237125534,
        3.513473097577629,
        3.1065214379355126,
        3.148791722374218
      ],
      "mae_pa_mean": 3.3025198841523897
    },
    "XGBoost": {
      "mae_delta_per_fold": [
        3.7915584886128886,
        3.4067161469299467,
        3.8541757483180836,
        3.185329481288184,
        3.280009641502903
      ],
      "mae_pa_per_fold": [
        3.791558488612889,
        3.406716146929945,
        3.8541757483180845,
        3.185329481288185,
        3.280009641502904
      ],
      "mae_pa_mean": 3.5035579013304017
    }
  },
  "failures": [],
  "valid": true
}
INFO  
=======================================================
INFO    Dataset      : kmeans251_rowkfold_audit
INFO    Samples      : 821
INFO    Target       : delta_dft_pm7
INFO    Features     : 5295
INFO    Folds        : 5
INFO  =======================================================
INFO  
  Fold 1/5  (train=656, test=165)
INFO      Feature selection ...
INFO      Selected 105 features
INFO    GPR skipped (n_train=656 > 500)
INFO      Fold 1 done  Ridge=8.36 kcal/mol  Lasso=7.72 kcal/mol  ElasticNet=7.55 kcal/mol  BayesianRidge=7.97 kcal/mol
INFO  
  Fold 2/5  (train=657, test=164)
INFO      Feature selection ...
INFO      Selected 108 features
INFO    GPR skipped (n_train=657 > 500)
INFO      Fold 2 done  Ridge=8.88 kcal/mol  Lasso=8.16 kcal/mol  ElasticNet=8.02 kcal/mol  BayesianRidge=8.34 kcal/mol
INFO  
  Fold 3/5  (train=657, test=164)
INFO      Feature selection ...
INFO      Selected 93 features
INFO    GPR skipped (n_train=657 > 500)
INFO      Fold 3 done  Ridge=8.87 kcal/mol  Lasso=8.28 kcal/mol  ElasticNet=8.19 kcal/mol  BayesianRidge=8.43 kcal/mol
INFO  
  Fold 4/5  (train=657, test=164)
INFO      Feature selection ...
INFO      Selected 92 features
INFO    GPR skipped (n_train=657 > 500)
INFO      Fold 4 done  Ridge=8.96 kcal/mol  Lasso=8.21 kcal/mol  ElasticNet=8.14 kcal/mol  BayesianRidge=8.44 kcal/mol
INFO  
  Fold 5/5  (train=657, test=164)
INFO      Feature selection ...
INFO      Selected 104 features
INFO    GPR skipped (n_train=657 > 500)
INFO      Fold 5 done  Ridge=8.77 kcal/mol  Lasso=7.95 kcal/mol  ElasticNet=7.88 kcal/mol  BayesianRidge=8.21 kcal/mol
INFO    Outputs → results/kmeans251_rowkfold_audit/

  Results for kmeans251_rowkfold_audit  (MAE in kcal/mol):
  Model                 MAE delta       MAE PA   N features
  ─────────────────────────────────────────────────────────
  RandomForest          7.68±0.62    7.68±0.62          100
  VotingEnsemble        7.73±0.58    7.73±0.58          100
  CatBoost              7.79±0.43    7.79±0.43          100
  ExtraTrees            7.83±0.74    7.83±0.74          100
  ElasticNet            7.88±0.62    7.88±0.62          100
  GradientBoosting      7.88±0.62    7.88±0.62          100
  Lasso                 7.95±0.61    7.95±0.61          100
  LightGBM              7.97±0.38    7.97±0.38          100
  SVR                   7.97±0.59    7.97±0.59          100
  XGBoost               8.18±0.65    8.18±0.65          100
  BayesianRidge         8.21±0.53    8.21±0.53          100
  PM7+bias              8.22±0.60    8.22±0.60          N/A
  AdaBoost              8.53±0.51    8.53±0.51          100
  Ridge                 8.77±0.53    8.77±0.53          100
  MLP                  10.00±0.56   10.00±0.56          100
  DecisionTree         11.02±0.94   11.02±0.94          100
{
  "result_dir": "/noether/s1/dxb5775/publication_rerun_20260814/results/kmeans251_rowkfold_audit",
  "dataset": "kmeans251_rowkfold_audit",
  "cv_strategy": "KFold",
  "group_col": null,
  "checks": {
    "n_samples_by_model": {
      "AdaBoost": 821,
      "BayesianRidge": 821,
      "CatBoost": 821,
      "DecisionTree": 821,
      "ElasticNet": 821,
      "ExtraTrees": 821,
      "GradientBoosting": 821,
      "Lasso": 821,
      "LightGBM": 821,
      "MLP": 821,
      "RandomForest": 821,
      "Ridge": 821,
      "SVR": 821,
      "VotingEnsemble": 821,
      "XGBoost": 821
    },
    "selected_feature_counts": [
      105,
      108,
      93,
      92,
      104
    ]
  },
  "recomputed": {
    "AdaBoost": {
      "mae_delta_per_fold": [
        8.378255557992855,
        9.24318749078029,
        8.729706317687164,
        8.640111687520719,
        7.67899510644909
      ],
      "mae_pa_per_fold": [
        8.378255557992853,
        9.24318749078029,
        8.729706317687164,
        8.640111687520717,
        7.678995106449092
      ],
      "mae_pa_mean": 8.534051232086025
    },
    "BayesianRidge": {
      "mae_delta_per_fold": [
        7.969231432944977,
        8.706646987549265,
        8.607369172168687,
        8.495138625954302,
        7.277180389944426
      ],
      "mae_pa_per_fold": [
        7.969231432944982,
        8.706646987549266,
        8.607369172168683,
        8.4951386259543,
        7.277180389944426
      ],
      "mae_pa_mean": 8.21111332171233
    },
    "CatBoost": {
      "mae_delta_per_fold": [
        7.422375753011591,
        8.485664107770354,
        7.8406762361247075,
        7.941160952472039,
        7.2483751433832895
      ],
      "mae_pa_per_fold": [
        7.4223757530115915,
        8.485664107770354,
        7.8406762361247075,
        7.941160952472039,
        7.248375143383287
      ],
      "mae_pa_mean": 7.7876504385523955
    },
    "DecisionTree": {
      "mae_delta_per_fold": [
        10.936569471000636,
        12.222623204542273,
        10.497344121624774,
        11.861913561535232,
        9.604674748169566
      ],
      "mae_pa_per_fold": [
        10.936569471000636,
        12.222623204542273,
        10.497344121624774,
        11.861913561535232,
        9.604674748169568
      ],
      "mae_pa_mean": 11.024625021374499
    },
    "ElasticNet": {
      "mae_delta_per_fold": [
        7.554419701506191,
        8.480930782289523,
        8.525230827873306,
        7.980356122709315,
        6.86718779577186
      ],
      "mae_pa_per_fold": [
        7.554419701506191,
        8.480930782289523,
        8.525230827873306,
        7.980356122709317,
        6.86718779577186
      ],
      "mae_pa_mean": 7.88162504603004
    },
    "ExtraTrees": {
      "mae_delta_per_fold": [
        7.21076032649632,
        8.876215986131838,
        8.006712581757451,
        8.248801410279581,
        6.785904456728302
      ],
      "mae_pa_per_fold": [
        7.21076032649632,
        8.876215986131838,
        8.006712581757451,
        8.248801410279581,
        6.785904456728302
      ],
      "mae_pa_mean": 7.8256789522786985
    },
    "GradientBoosting": {
      "mae_delta_per_fold": [
        7.595871590276019,
        8.922487411447225,
        8.06317209236568,
        7.809887980899877,
        7.022984992554346
      ],
      "mae_pa_per_fold": [
        7.595871590276019,
        8.922487411447225,
        8.06317209236568,
        7.809887980899877,
        7.022984992554346
      ],
      "mae_pa_mean": 7.88288081350863
    },
    "Lasso": {
      "mae_delta_per_fold": [
        7.722494148095841,
        8.59006204672551,
        8.541921759386032,
        7.997305222104822,
        6.919702792910972
      ],
      "mae_pa_per_fold": [
        7.722494148095839,
        8.59006204672551,
        8.541921759386032,
        7.997305222104822,
        6.9197027929109725
      ],
      "mae_pa_mean": 7.954297193844636
    },
    "LightGBM": {
      "mae_delta_per_fold": [
        7.790480028464694,
        8.243261663277371,
        8.291271089545827,
        8.206961199615499,
        7.307371451477222
      ],
      "mae_pa_per_fold": [
        7.790480028464696,
        8.243261663277375,
        8.291271089545827,
        8.206961199615499,
        7.307371451477221
      ],
      "mae_pa_mean": 7.967869086476125
    },
    "MLP": {
      "mae_delta_per_fold": [
        9.082292805640174,
        10.707808426085878,
        9.7730765716274,
        10.387001770784677,
        10.057909689966921
      ],
      "mae_pa_per_fold": [
        9.082292805640174,
        10.70780842608588,
        9.773076571627396,
        10.387001770784678,
        10.057909689966921
      ],
      "mae_pa_mean": 10.00161785282101
    },
    "RandomForest": {
      "mae_delta_per_fold": [
        7.52217791514572,
        8.674057504197172,
        7.7977411531443845,
        7.685094638984751,
        6.742030520595298
      ],
      "mae_pa_per_fold": [
        7.52217791514572,
        8.674057504197174,
        7.797741153144383,
        7.685094638984751,
        6.742030520595298
      ],
      "mae_pa_mean": 7.684220346413466
    },
    "Ridge": {
      "mae_delta_per_fold": [
        8.360963072461447,
        9.392474232667803,
        8.858507619039198,
        9.239664270082837,
        7.994263057505593
      ],
      "mae_pa_per_fold": [
        8.360963072461447,
        9.392474232667803,
        8.858507619039198,
        9.239664270082834,
        7.994263057505593
      ],
      "mae_pa_mean": 8.769174450351375
    },
    "SVR": {
      "mae_delta_per_fold": [
        7.556019321716322,
        8.782112697816224,
        8.510608172549755,
        7.8009954182647485,
        7.1996214944234
      ],
      "mae_pa_per_fold": [
        7.556019321716322,
        8.782112697816228,
        8.510608172549754,
        7.8009954182647485,
        7.199621494423401
      ],
      "mae_pa_mean": 7.969871420954091
    },
    "VotingEnsemble": {
      "mae_delta_per_fold": [
        7.478814431604513,
        8.509514420941574,
        8.088045297850853,
        7.796364417862197,
        6.801393519449647
      ],
      "mae_pa_per_fold": [
        7.478814431604513,
        8.509514420941574,
        8.088045297850854,
        7.796364417862199,
        6.801393519449644
      ],
      "mae_pa_mean": 7.734826417541757
    },
    "XGBoost": {
      "mae_delta_per_fold": [
        7.923075907013113,
        8.973098238605074,
        8.691069066808172,
        8.219152935401654,
        7.110517183643034
      ],
      "mae_pa_per_fold": [
        7.923075907013115,
        8.973098238605072,
        8.691069066808174,
        8.219152935401652,
        7.110517183643033
      ],
      "mae_pa_mean": 8.183382666294209
    }
  },
  "failures": [],
  "valid": true
}
COMPLETE 2026-08-14T03:22:00-04:00
